<?xml version="1.0"?>
<link_info>
   <banner>TI ARM Linker PC v5.2.5</banner>
   <copyright>Copyright (c) 1996-2015 Texas Instruments Incorporated</copyright>
   <link_time>0x58abd807</link_time>
   <link_errors>0x0</link_errors>
   <output_file>Xelan.out</output_file>
   <entry_point>
      <name>_c_int00</name>
      <address>0x2285</address>
   </entry_point>
   <input_file_list>
      <input_file id="fl-2">
         <path>.\</path>
         <kind>object</kind>
         <file>I2C.obj</file>
         <name>I2C.obj</name>
      </input_file>
      <input_file id="fl-3">
         <path>.\</path>
         <kind>object</kind>
         <file>MPU6050.obj</file>
         <name>MPU6050.obj</name>
      </input_file>
      <input_file id="fl-4">
         <path>.\</path>
         <kind>object</kind>
         <file>main.obj</file>
         <name>main.obj</name>
      </input_file>
      <input_file id="fl-5">
         <path>.\</path>
         <kind>object</kind>
         <file>tm4c123gh6pm_startup_ccs.obj</file>
         <name>tm4c123gh6pm_startup_ccs.obj</name>
      </input_file>
      <input_file id="fl-b">
         <path>C:\ti\TivaWare_C_Series-2.1.0.12573\driverlib\ccs\Debug\</path>
         <kind>archive</kind>
         <file>driverlib.lib</file>
         <name>timer.obj</name>
      </input_file>
      <input_file id="fl-c">
         <path>C:\ti\TivaWare_C_Series-2.1.0.12573\driverlib\ccs\Debug\</path>
         <kind>archive</kind>
         <file>driverlib.lib</file>
         <name>sysctl.obj</name>
      </input_file>
      <input_file id="fl-d">
         <path>C:\ti\TivaWare_C_Series-2.1.0.12573\driverlib\ccs\Debug\</path>
         <kind>archive</kind>
         <file>driverlib.lib</file>
         <name>pwm.obj</name>
      </input_file>
      <input_file id="fl-e">
         <path>C:\ti\TivaWare_C_Series-2.1.0.12573\driverlib\ccs\Debug\</path>
         <kind>archive</kind>
         <file>driverlib.lib</file>
         <name>interrupt.obj</name>
      </input_file>
      <input_file id="fl-f">
         <path>C:\ti\TivaWare_C_Series-2.1.0.12573\driverlib\ccs\Debug\</path>
         <kind>archive</kind>
         <file>driverlib.lib</file>
         <name>i2c.obj</name>
      </input_file>
      <input_file id="fl-10">
         <path>C:\ti\TivaWare_C_Series-2.1.0.12573\driverlib\ccs\Debug\</path>
         <kind>archive</kind>
         <file>driverlib.lib</file>
         <name>gpio.obj</name>
      </input_file>
      <input_file id="fl-11">
         <path>C:\ti\TivaWare_C_Series-2.1.0.12573\driverlib\ccs\Debug\</path>
         <kind>archive</kind>
         <file>driverlib.lib</file>
         <name>cpu.obj</name>
      </input_file>
      <input_file id="fl-12">
         <path>C:\ti\TivaWare_C_Series-2.1.0.12573\driverlib\ccs\Debug\</path>
         <kind>archive</kind>
         <file>driverlib.lib</file>
         <name>adc.obj</name>
      </input_file>
      <input_file id="fl-134">
         <path>C:\ti\ccsv6\tools\compiler\ti-cgt-arm_5.2.5\lib\</path>
         <kind>archive</kind>
         <file>rtsv7M4_T_le_v4SPD16_eabi.lib</file>
         <name>atan2.obj</name>
      </input_file>
      <input_file id="fl-135">
         <path>C:\ti\ccsv6\tools\compiler\ti-cgt-arm_5.2.5\lib\</path>
         <kind>archive</kind>
         <file>rtsv7M4_T_le_v4SPD16_eabi.lib</file>
         <name>boot.obj</name>
      </input_file>
      <input_file id="fl-136">
         <path>C:\ti\ccsv6\tools\compiler\ti-cgt-arm_5.2.5\lib\</path>
         <kind>archive</kind>
         <file>rtsv7M4_T_le_v4SPD16_eabi.lib</file>
         <name>copy_decompress_none.obj</name>
      </input_file>
      <input_file id="fl-137">
         <path>C:\ti\ccsv6\tools\compiler\ti-cgt-arm_5.2.5\lib\</path>
         <kind>archive</kind>
         <file>rtsv7M4_T_le_v4SPD16_eabi.lib</file>
         <name>copy_decompress_rle.obj</name>
      </input_file>
      <input_file id="fl-138">
         <path>C:\ti\ccsv6\tools\compiler\ti-cgt-arm_5.2.5\lib\</path>
         <kind>archive</kind>
         <file>rtsv7M4_T_le_v4SPD16_eabi.lib</file>
         <name>copy_zero_init.obj</name>
      </input_file>
      <input_file id="fl-139">
         <path>C:\ti\ccsv6\tools\compiler\ti-cgt-arm_5.2.5\lib\</path>
         <kind>archive</kind>
         <file>rtsv7M4_T_le_v4SPD16_eabi.lib</file>
         <name>exit.obj</name>
      </input_file>
      <input_file id="fl-13a">
         <path>C:\ti\ccsv6\tools\compiler\ti-cgt-arm_5.2.5\lib\</path>
         <kind>archive</kind>
         <file>rtsv7M4_T_le_v4SPD16_eabi.lib</file>
         <name>fd_cmp_t2.obj</name>
      </input_file>
      <input_file id="fl-13b">
         <path>C:\ti\ccsv6\tools\compiler\ti-cgt-arm_5.2.5\lib\</path>
         <kind>archive</kind>
         <file>rtsv7M4_T_le_v4SPD16_eabi.lib</file>
         <name>fd_div_t2.obj</name>
      </input_file>
      <input_file id="fl-13c">
         <path>C:\ti\ccsv6\tools\compiler\ti-cgt-arm_5.2.5\lib\</path>
         <kind>archive</kind>
         <file>rtsv7M4_T_le_v4SPD16_eabi.lib</file>
         <name>fd_mul_t2.obj</name>
      </input_file>
      <input_file id="fl-13d">
         <path>C:\ti\ccsv6\tools\compiler\ti-cgt-arm_5.2.5\lib\</path>
         <kind>archive</kind>
         <file>rtsv7M4_T_le_v4SPD16_eabi.lib</file>
         <name>fd_tos_t2.obj</name>
      </input_file>
      <input_file id="fl-13e">
         <path>C:\ti\ccsv6\tools\compiler\ti-cgt-arm_5.2.5\lib\</path>
         <kind>archive</kind>
         <file>rtsv7M4_T_le_v4SPD16_eabi.lib</file>
         <name>fs_tod_t2.obj</name>
      </input_file>
      <input_file id="fl-13f">
         <path>C:\ti\ccsv6\tools\compiler\ti-cgt-arm_5.2.5\lib\</path>
         <kind>archive</kind>
         <file>rtsv7M4_T_le_v4SPD16_eabi.lib</file>
         <name>i_tofd_t2.obj</name>
      </input_file>
      <input_file id="fl-140">
         <path>C:\ti\ccsv6\tools\compiler\ti-cgt-arm_5.2.5\lib\</path>
         <kind>archive</kind>
         <file>rtsv7M4_T_le_v4SPD16_eabi.lib</file>
         <name>memcpy_t2.obj</name>
      </input_file>
      <input_file id="fl-141">
         <path>C:\ti\ccsv6\tools\compiler\ti-cgt-arm_5.2.5\lib\</path>
         <kind>archive</kind>
         <file>rtsv7M4_T_le_v4SPD16_eabi.lib</file>
         <name>memset_t2.obj</name>
      </input_file>
      <input_file id="fl-142">
         <path>C:\ti\ccsv6\tools\compiler\ti-cgt-arm_5.2.5\lib\</path>
         <kind>archive</kind>
         <file>rtsv7M4_T_le_v4SPD16_eabi.lib</file>
         <name>pre_init.obj</name>
      </input_file>
      <input_file id="fl-143">
         <path>C:\ti\ccsv6\tools\compiler\ti-cgt-arm_5.2.5\lib\</path>
         <kind>archive</kind>
         <file>rtsv7M4_T_le_v4SPD16_eabi.lib</file>
         <name>stkdepth_vars.obj</name>
      </input_file>
      <input_file id="fl-144">
         <path>C:\ti\ccsv6\tools\compiler\ti-cgt-arm_5.2.5\lib\</path>
         <kind>archive</kind>
         <file>rtsv7M4_T_le_v4SPD16_eabi.lib</file>
         <name>u_tofd_t2.obj</name>
      </input_file>
      <input_file id="fl-145">
         <path>C:\ti\ccsv6\tools\compiler\ti-cgt-arm_5.2.5\lib\</path>
         <kind>archive</kind>
         <file>rtsv7M4_T_le_v4SPD16_eabi.lib</file>
         <name>xatan.obj</name>
      </input_file>
      <input_file id="fl-146">
         <path>C:\ti\ccsv6\tools\compiler\ti-cgt-arm_5.2.5\lib\</path>
         <kind>archive</kind>
         <file>rtsv7M4_T_le_v4SPD16_eabi.lib</file>
         <name>xvalues.obj</name>
      </input_file>
      <input_file id="fl-147">
         <path>C:\ti\ccsv6\tools\compiler\ti-cgt-arm_5.2.5\lib\</path>
         <kind>archive</kind>
         <file>rtsv7M4_T_le_v4SPD16_eabi.lib</file>
         <name>_lock.obj</name>
      </input_file>
      <input_file id="fl-148">
         <path>C:\ti\ccsv6\tools\compiler\ti-cgt-arm_5.2.5\lib\</path>
         <kind>archive</kind>
         <file>rtsv7M4_T_le_v4SPD16_eabi.lib</file>
         <name>args_main.obj</name>
      </input_file>
      <input_file id="fl-149">
         <path>C:\ti\ccsv6\tools\compiler\ti-cgt-arm_5.2.5\lib\</path>
         <kind>archive</kind>
         <file>rtsv7M4_T_le_v4SPD16_eabi.lib</file>
         <name>autoinit.obj</name>
      </input_file>
      <input_file id="fl-14a">
         <path>C:\ti\ccsv6\tools\compiler\ti-cgt-arm_5.2.5\lib\</path>
         <kind>archive</kind>
         <file>rtsv7M4_T_le_v4SPD16_eabi.lib</file>
         <name>cpy_tbl.obj</name>
      </input_file>
      <input_file id="fl-14b">
         <path>C:\ti\ccsv6\tools\compiler\ti-cgt-arm_5.2.5\lib\</path>
         <kind>archive</kind>
         <file>rtsv7M4_T_le_v4SPD16_eabi.lib</file>
         <name>fd_add_t2.obj</name>
      </input_file>
   </input_file_list>
   <object_component_list>
      <object_component id="oc-f">
         <name>.intvecs</name>
         <load_address>0x0</load_address>
         <run_address>0x0</run_address>
         <size>0x26c</size>
         <input_file_ref idref="fl-5"/>
      </object_component>
      <object_component id="oc-30">
         <name>.text</name>
         <load_address>0x26c</load_address>
         <run_address>0x26c</run_address>
         <size>0x8fc</size>
         <input_file_ref idref="fl-4"/>
      </object_component>
      <object_component id="oc-81">
         <name>.text</name>
         <load_address>0xb68</load_address>
         <run_address>0xb68</run_address>
         <size>0x748</size>
         <input_file_ref idref="fl-3"/>
      </object_component>
      <object_component id="oc-2b8">
         <name>.text</name>
         <load_address>0x12b0</load_address>
         <run_address>0x12b0</run_address>
         <size>0x1b6</size>
         <input_file_ref idref="fl-14b"/>
      </object_component>
      <object_component id="oc-27e">
         <name>.text</name>
         <load_address>0x1468</load_address>
         <run_address>0x1468</run_address>
         <size>0x18c</size>
         <input_file_ref idref="fl-145"/>
      </object_component>
      <object_component id="oc-1b8">
         <name>.text</name>
         <load_address>0x15f4</load_address>
         <run_address>0x15f4</run_address>
         <size>0x17c</size>
         <input_file_ref idref="fl-134"/>
      </object_component>
      <object_component id="oc-1be">
         <name>.text</name>
         <load_address>0x1770</load_address>
         <run_address>0x1770</run_address>
         <size>0x136</size>
         <input_file_ref idref="fl-13b"/>
      </object_component>
      <object_component id="oc-152">
         <name>.text:GPIOPadConfigSet</name>
         <load_address>0x18a6</load_address>
         <run_address>0x18a6</run_address>
         <size>0x130</size>
         <input_file_ref idref="fl-10"/>
      </object_component>
      <object_component id="oc-c4">
         <name>.text</name>
         <load_address>0x19d8</load_address>
         <run_address>0x19d8</run_address>
         <size>0x120</size>
         <input_file_ref idref="fl-2"/>
      </object_component>
      <object_component id="oc-8d">
         <name>.text:SysCtlClockGet</name>
         <load_address>0x1af8</load_address>
         <run_address>0x1af8</run_address>
         <size>0x118</size>
         <input_file_ref idref="fl-c"/>
      </object_component>
      <object_component id="oc-161">
         <name>.text</name>
         <load_address>0x1c10</load_address>
         <run_address>0x1c10</run_address>
         <size>0xfc</size>
         <input_file_ref idref="fl-13c"/>
      </object_component>
      <object_component id="oc-94">
         <name>.text:SysCtlClockSet</name>
         <load_address>0x1d0c</load_address>
         <run_address>0x1d0c</run_address>
         <size>0xf0</size>
         <input_file_ref idref="fl-c"/>
      </object_component>
      <object_component id="oc-39">
         <name>.text</name>
         <load_address>0x1dfc</load_address>
         <run_address>0x1dfc</run_address>
         <size>0x9c</size>
         <input_file_ref idref="fl-140"/>
      </object_component>
      <object_component id="oc-f9">
         <name>.text:__aeabi_cdcmple</name>
         <load_address>0x1e98</load_address>
         <run_address>0x1e98</run_address>
         <size>0x86</size>
         <input_file_ref idref="fl-13a"/>
      </object_component>
      <object_component id="oc-f4">
         <name>.text:__aeabi_cdrcmple</name>
         <load_address>0x1f1e</load_address>
         <run_address>0x1f1e</run_address>
         <size>0x86</size>
         <input_file_ref idref="fl-13a"/>
      </object_component>
      <object_component id="oc-b2">
         <name>.text:ADCSequenceStepConfigure</name>
         <load_address>0x1fa4</load_address>
         <run_address>0x1fa4</run_address>
         <size>0x80</size>
         <input_file_ref idref="fl-12"/>
      </object_component>
      <object_component id="oc-52">
         <name>.text</name>
         <load_address>0x2024</load_address>
         <run_address>0x2024</run_address>
         <size>0x7a</size>
         <input_file_ref idref="fl-141"/>
      </object_component>
      <object_component id="oc-64">
         <name>.text</name>
         <load_address>0x20a0</load_address>
         <run_address>0x20a0</run_address>
         <size>0x6c</size>
         <input_file_ref idref="fl-149"/>
      </object_component>
      <object_component id="oc-45">
         <name>.text</name>
         <load_address>0x210c</load_address>
         <run_address>0x210c</run_address>
         <size>0x6a</size>
         <input_file_ref idref="fl-137"/>
      </object_component>
      <object_component id="oc-d6">
         <name>.text:IntEnable</name>
         <load_address>0x2178</load_address>
         <run_address>0x2178</run_address>
         <size>0x60</size>
         <input_file_ref idref="fl-e"/>
      </object_component>
      <object_component id="oc-ca">
         <name>.text:TimerConfigure</name>
         <load_address>0x21d8</load_address>
         <run_address>0x21d8</run_address>
         <size>0x5c</size>
         <input_file_ref idref="fl-b"/>
      </object_component>
      <object_component id="oc-1ea">
         <name>.text:SysCtlPeripheralReset</name>
         <load_address>0x2234</load_address>
         <run_address>0x2234</run_address>
         <size>0x50</size>
         <input_file_ref idref="fl-c"/>
      </object_component>
      <object_component id="oc-24">
         <name>.text</name>
         <load_address>0x2284</load_address>
         <run_address>0x2284</run_address>
         <size>0x50</size>
         <input_file_ref idref="fl-135"/>
      </object_component>
      <object_component id="oc-18f">
         <name>.text</name>
         <load_address>0x22d4</load_address>
         <run_address>0x22d4</run_address>
         <size>0x4c</size>
         <input_file_ref idref="fl-14a"/>
      </object_component>
      <object_component id="oc-122">
         <name>.text:GPIOPinConfigure</name>
         <load_address>0x2320</load_address>
         <run_address>0x2320</run_address>
         <size>0x48</size>
         <input_file_ref idref="fl-10"/>
      </object_component>
      <object_component id="oc-1fc">
         <name>.text:I2CMasterInitExpClk</name>
         <load_address>0x2368</load_address>
         <run_address>0x2368</run_address>
         <size>0x48</size>
         <input_file_ref idref="fl-f"/>
      </object_component>
      <object_component id="oc-166">
         <name>.text</name>
         <load_address>0x23b0</load_address>
         <run_address>0x23b0</run_address>
         <size>0x48</size>
         <input_file_ref idref="fl-13d"/>
      </object_component>
      <object_component id="oc-70">
         <name>.text</name>
         <load_address>0x23f8</load_address>
         <run_address>0x23f8</run_address>
         <size>0x44</size>
         <input_file_ref idref="fl-139"/>
      </object_component>
      <object_component id="oc-ac">
         <name>.text:ADCSequenceConfigure</name>
         <load_address>0x243c</load_address>
         <run_address>0x243c</run_address>
         <size>0x3e</size>
         <input_file_ref idref="fl-12"/>
      </object_component>
      <object_component id="oc-1c4">
         <name>.text</name>
         <load_address>0x247a</load_address>
         <run_address>0x247a</run_address>
         <size>0x38</size>
         <input_file_ref idref="fl-13e"/>
      </object_component>
      <object_component id="oc-9a">
         <name>.text:SysCtlPeripheralEnable</name>
         <load_address>0x24b4</load_address>
         <run_address>0x24b4</run_address>
         <size>0x34</size>
         <input_file_ref idref="fl-c"/>
      </object_component>
      <object_component id="oc-109">
         <name>.text:ADCIntStatus</name>
         <load_address>0x24e8</load_address>
         <run_address>0x24e8</run_address>
         <size>0x2e</size>
         <input_file_ref idref="fl-12"/>
      </object_component>
      <object_component id="oc-1b3">
         <name>.text</name>
         <load_address>0x2516</load_address>
         <run_address>0x2516</run_address>
         <size>0x2e</size>
         <input_file_ref idref="fl-13f"/>
      </object_component>
      <object_component id="oc-14c">
         <name>.text:GPIODirModeSet</name>
         <load_address>0x2544</load_address>
         <run_address>0x2544</run_address>
         <size>0x2a</size>
         <input_file_ref idref="fl-10"/>
      </object_component>
      <object_component id="oc-12e">
         <name>.text:PWMGenConfigure</name>
         <load_address>0x256e</load_address>
         <run_address>0x256e</run_address>
         <size>0x22</size>
         <input_file_ref idref="fl-d"/>
      </object_component>
      <object_component id="oc-15c">
         <name>.text</name>
         <load_address>0x2590</load_address>
         <run_address>0x2590</run_address>
         <size>0x20</size>
         <input_file_ref idref="fl-144"/>
      </object_component>
      <object_component id="oc-10f">
         <name>.text:ADCSequenceDataGet</name>
         <load_address>0x25b0</load_address>
         <run_address>0x25b0</run_address>
         <size>0x1e</size>
         <input_file_ref idref="fl-12"/>
      </object_component>
      <object_component id="oc-13a">
         <name>.text:PWMPulseWidthSet</name>
         <load_address>0x25ce</load_address>
         <run_address>0x25ce</run_address>
         <size>0x1e</size>
         <input_file_ref idref="fl-d"/>
      </object_component>
      <object_component id="oc-a0">
         <name>.text:GPIOPinTypeGPIOOutput</name>
         <load_address>0x25ec</load_address>
         <run_address>0x25ec</run_address>
         <size>0x18</size>
         <input_file_ref idref="fl-10"/>
      </object_component>
      <object_component id="oc-6a">
         <name>.text</name>
         <load_address>0x2604</load_address>
         <run_address>0x2604</run_address>
         <size>0x18</size>
         <input_file_ref idref="fl-148"/>
      </object_component>
      <object_component id="oc-103">
         <name>.text:ADCProcessorTrigger</name>
         <load_address>0x261c</load_address>
         <run_address>0x261c</run_address>
         <size>0x16</size>
         <input_file_ref idref="fl-12"/>
      </object_component>
      <object_component id="oc-11c">
         <name>.text:SysCtlPWMClockSet</name>
         <load_address>0x2634</load_address>
         <run_address>0x2634</run_address>
         <size>0x14</size>
         <input_file_ref idref="fl-c"/>
      </object_component>
      <object_component id="oc-26b">
         <name>.text</name>
         <load_address>0x2648</load_address>
         <run_address>0x2648</run_address>
         <size>0x14</size>
         <input_file_ref idref="fl-147"/>
      </object_component>
      <object_component id="oc-a6">
         <name>.text:GPIOPinTypeADC</name>
         <load_address>0x265c</load_address>
         <run_address>0x265c</run_address>
         <size>0x12</size>
         <input_file_ref idref="fl-10"/>
      </object_component>
      <object_component id="oc-1f6">
         <name>.text:GPIOPinTypeI2C</name>
         <load_address>0x266e</load_address>
         <run_address>0x266e</run_address>
         <size>0x12</size>
         <input_file_ref idref="fl-10"/>
      </object_component>
      <object_component id="oc-1f0">
         <name>.text:GPIOPinTypeI2CSCL</name>
         <load_address>0x2680</load_address>
         <run_address>0x2680</run_address>
         <size>0x12</size>
         <input_file_ref idref="fl-10"/>
      </object_component>
      <object_component id="oc-128">
         <name>.text:GPIOPinTypePWM</name>
         <load_address>0x2692</load_address>
         <run_address>0x2692</run_address>
         <size>0x12</size>
         <input_file_ref idref="fl-10"/>
      </object_component>
      <object_component id="oc-140">
         <name>.text:PWMOutputState</name>
         <load_address>0x26a4</load_address>
         <run_address>0x26a4</run_address>
         <size>0x12</size>
         <input_file_ref idref="fl-d"/>
      </object_component>
      <object_component id="oc-d0">
         <name>.text:TimerLoadSet</name>
         <load_address>0x26b6</load_address>
         <run_address>0x26b6</run_address>
         <size>0x12</size>
         <input_file_ref idref="fl-b"/>
      </object_component>
      <object_component id="oc-134">
         <name>.text:PWMGenPeriodSet</name>
         <load_address>0x26c8</load_address>
         <run_address>0x26c8</run_address>
         <size>0x10</size>
         <input_file_ref idref="fl-d"/>
      </object_component>
      <object_component id="oc-b8">
         <name>.text:ADCSequenceEnable</name>
         <load_address>0x26d8</load_address>
         <run_address>0x26d8</run_address>
         <size>0xe</size>
         <input_file_ref idref="fl-12"/>
      </object_component>
      <object_component id="oc-e2">
         <name>.text:TimerEnable</name>
         <load_address>0x26e6</load_address>
         <run_address>0x26e6</run_address>
         <size>0xe</size>
         <input_file_ref idref="fl-b"/>
      </object_component>
      <object_component id="oc-12">
         <name>.text:decompress:none</name>
         <load_address>0x26f4</load_address>
         <run_address>0x26f4</run_address>
         <size>0xe</size>
         <input_file_ref idref="fl-136"/>
      </object_component>
      <object_component id="oc-22a">
         <name>.text:CPUcpsie</name>
         <load_address>0x2702</load_address>
         <run_address>0x2702</run_address>
         <size>0xc</size>
         <input_file_ref idref="fl-11"/>
      </object_component>
      <object_component id="oc-146">
         <name>.text:PWMGenEnable</name>
         <load_address>0x270e</load_address>
         <run_address>0x270e</run_address>
         <size>0xc</size>
         <input_file_ref idref="fl-d"/>
      </object_component>
      <object_component id="oc-1e">
         <name>.text:decompress:ZI</name>
         <load_address>0x271a</load_address>
         <run_address>0x271a</run_address>
         <size>0xc</size>
         <input_file_ref idref="fl-138"/>
      </object_component>
      <object_component id="oc-2a">
         <name>.text</name>
         <load_address>0x2726</load_address>
         <run_address>0x2726</run_address>
         <size>0xc</size>
         <input_file_ref idref="fl-5"/>
      </object_component>
      <object_component id="oc-be">
         <name>.text:ADCIntClear</name>
         <load_address>0x2732</load_address>
         <run_address>0x2732</run_address>
         <size>0xa</size>
         <input_file_ref idref="fl-12"/>
      </object_component>
      <object_component id="oc-298">
         <name>.text:I2CMasterEnable</name>
         <load_address>0x273c</load_address>
         <run_address>0x273c</run_address>
         <size>0xa</size>
         <input_file_ref idref="fl-f"/>
      </object_component>
      <object_component id="oc-e8">
         <name>.text:IntMasterEnable</name>
         <load_address>0x2746</load_address>
         <run_address>0x2746</run_address>
         <size>0xa</size>
         <input_file_ref idref="fl-e"/>
      </object_component>
      <object_component id="oc-214">
         <name>.text:I2CMasterBusy</name>
         <load_address>0x2750</load_address>
         <run_address>0x2750</run_address>
         <size>0x8</size>
         <input_file_ref idref="fl-f"/>
      </object_component>
      <object_component id="oc-202">
         <name>.text:I2CMasterSlaveAddrSet</name>
         <load_address>0x2758</load_address>
         <run_address>0x2758</run_address>
         <size>0x8</size>
         <input_file_ref idref="fl-f"/>
      </object_component>
      <object_component id="oc-dc">
         <name>.text:TimerIntEnable</name>
         <load_address>0x2760</load_address>
         <run_address>0x2760</run_address>
         <size>0x8</size>
         <input_file_ref idref="fl-b"/>
      </object_component>
      <object_component id="oc-ee">
         <name>.text:GPIOPinRead</name>
         <load_address>0x2768</load_address>
         <run_address>0x2768</run_address>
         <size>0x6</size>
         <input_file_ref idref="fl-10"/>
      </object_component>
      <object_component id="oc-87">
         <name>.text:GPIOPinWrite</name>
         <load_address>0x276e</load_address>
         <run_address>0x276e</run_address>
         <size>0x6</size>
         <input_file_ref idref="fl-10"/>
      </object_component>
      <object_component id="oc-93">
         <name>.text:SysCtlDelay</name>
         <load_address>0x2774</load_address>
         <run_address>0x2774</run_address>
         <size>0x6</size>
         <input_file_ref idref="fl-c"/>
      </object_component>
      <object_component id="oc-18">
         <name>.text:decompress:rle24</name>
         <load_address>0x277a</load_address>
         <run_address>0x277a</run_address>
         <size>0x6</size>
         <input_file_ref idref="fl-137"/>
      </object_component>
      <object_component id="oc-20e">
         <name>.text:I2CMasterControl</name>
         <load_address>0x2780</load_address>
         <run_address>0x2780</run_address>
         <size>0x4</size>
         <input_file_ref idref="fl-f"/>
      </object_component>
      <object_component id="oc-21a">
         <name>.text:I2CMasterDataGet</name>
         <load_address>0x2784</load_address>
         <run_address>0x2784</run_address>
         <size>0x4</size>
         <input_file_ref idref="fl-f"/>
      </object_component>
      <object_component id="oc-208">
         <name>.text:I2CMasterDataPut</name>
         <load_address>0x2788</load_address>
         <run_address>0x2788</run_address>
         <size>0x4</size>
         <input_file_ref idref="fl-f"/>
      </object_component>
      <object_component id="oc-7b">
         <name>.text:TimerIntClear</name>
         <load_address>0x278c</load_address>
         <run_address>0x278c</run_address>
         <size>0x4</size>
         <input_file_ref idref="fl-b"/>
      </object_component>
      <object_component id="oc-5e">
         <name>.text</name>
         <load_address>0x2790</load_address>
         <run_address>0x2790</run_address>
         <size>0x4</size>
         <input_file_ref idref="fl-142"/>
      </object_component>
      <object_component id="oc-246">
         <name>.const:g_pui32GPIOBaseAddrs</name>
         <load_address>0x2798</load_address>
         <run_address>0x2798</run_address>
         <size>0x90</size>
         <input_file_ref idref="fl-10"/>
      </object_component>
      <object_component id="oc-2c0">
         <name>.const</name>
         <load_address>0x2828</load_address>
         <run_address>0x2828</run_address>
         <size>0x88</size>
         <input_file_ref idref="fl-145"/>
      </object_component>
      <object_component id="oc-223">
         <name>.const</name>
         <load_address>0x28b0</load_address>
         <run_address>0x28b0</run_address>
         <size>0x70</size>
         <input_file_ref idref="fl-e"/>
      </object_component>
      <object_component id="oc-1dc">
         <name>.const:g_pui32Xtals</name>
         <load_address>0x2920</load_address>
         <run_address>0x2920</run_address>
         <size>0x6c</size>
         <input_file_ref idref="fl-c"/>
      </object_component>
      <object_component id="oc-2fa">
         <name>.cinit..data.load</name>
         <load_address>0x2990</load_address>
         <run_address>0x2990</run_address>
         <size>0x49</size>
      </object_component>
      <object_component id="oc-2f8">
         <name>__TI_handler_table</name>
         <load_address>0x29dc</load_address>
         <run_address>0x29dc</run_address>
         <size>0xc</size>
      </object_component>
      <object_component id="oc-2fb">
         <name>.cinit..bss.load</name>
         <load_address>0x29e8</load_address>
         <run_address>0x29e8</run_address>
         <size>0x8</size>
      </object_component>
      <object_component id="oc-2f9">
         <name>__TI_cinit_table</name>
         <load_address>0x29f0</load_address>
         <run_address>0x29f0</run_address>
         <size>0x10</size>
      </object_component>
      <object_component id="oc-29">
         <name>.stack</name>
         <uninitialized>true</uninitialized>
         <run_address>0x20000000</run_address>
         <size>0x0</size>
         <input_file_ref idref="fl-135"/>
      </object_component>
      <object_component id="oc-2fc">
         <name>.stack</name>
         <uninitialized>true</uninitialized>
         <run_address>0x20000000</run_address>
         <size>0x0</size>
      </object_component>
      <object_component id="oc-1cf">
         <name>.common:accXangle</name>
         <uninitialized>true</uninitialized>
         <run_address>0x200002b8</run_address>
         <size>0x8</size>
      </object_component>
      <object_component id="oc-1d0">
         <name>.common:accYangle</name>
         <uninitialized>true</uninitialized>
         <run_address>0x200002c0</run_address>
         <size>0x8</size>
      </object_component>
      <object_component id="oc-1d1">
         <name>.common:gyroXangle</name>
         <uninitialized>true</uninitialized>
         <run_address>0x200002c8</run_address>
         <size>0x8</size>
      </object_component>
      <object_component id="oc-1d2">
         <name>.common:gyroYangle</name>
         <uninitialized>true</uninitialized>
         <run_address>0x200002d8</run_address>
         <size>0x8</size>
      </object_component>
      <object_component id="oc-118">
         <name>.common:kalAngleX</name>
         <uninitialized>true</uninitialized>
         <run_address>0x200002e8</run_address>
         <size>0x8</size>
      </object_component>
      <object_component id="oc-11b">
         <name>.common:kalAngleY</name>
         <uninitialized>true</uninitialized>
         <run_address>0x200002f0</run_address>
         <size>0x8</size>
      </object_component>
      <object_component id="oc-1cc">
         <name>.common:accY</name>
         <uninitialized>true</uninitialized>
         <run_address>0x20000346</run_address>
         <size>0x2</size>
      </object_component>
      <object_component id="oc-1cd">
         <name>.common:accZ</name>
         <uninitialized>true</uninitialized>
         <run_address>0x20000348</run_address>
         <size>0x2</size>
      </object_component>
      <object_component id="oc-1ce">
         <name>.common:accX</name>
         <uninitialized>true</uninitialized>
         <run_address>0x20000344</run_address>
         <size>0x2</size>
      </object_component>
      <object_component id="oc-1d5">
         <name>.common:gyroX</name>
         <uninitialized>true</uninitialized>
         <run_address>0x2000034a</run_address>
         <size>0x2</size>
      </object_component>
      <object_component id="oc-1d6">
         <name>.common:gyroY</name>
         <uninitialized>true</uninitialized>
         <run_address>0x2000034c</run_address>
         <size>0x2</size>
      </object_component>
      <object_component id="oc-1c9">
         <name>.common:accYsub</name>
         <uninitialized>true</uninitialized>
         <run_address>0x2000034f</run_address>
         <size>0x1</size>
      </object_component>
      <object_component id="oc-1ca">
         <name>.common:accZsub</name>
         <uninitialized>true</uninitialized>
         <run_address>0x20000350</run_address>
         <size>0x1</size>
      </object_component>
      <object_component id="oc-1cb">
         <name>.common:accXsub</name>
         <uninitialized>true</uninitialized>
         <run_address>0x2000034e</run_address>
         <size>0x1</size>
      </object_component>
      <object_component id="oc-1d3">
         <name>.common:gyroXsub</name>
         <uninitialized>true</uninitialized>
         <run_address>0x20000351</run_address>
         <size>0x1</size>
      </object_component>
      <object_component id="oc-1d4">
         <name>.common:gyroYsub</name>
         <uninitialized>true</uninitialized>
         <run_address>0x20000352</run_address>
         <size>0x1</size>
      </object_component>
      <object_component id="oc-1d7">
         <name>.common:gyroXrate</name>
         <uninitialized>true</uninitialized>
         <run_address>0x200002d0</run_address>
         <size>0x8</size>
      </object_component>
      <object_component id="oc-1d8">
         <name>.common:gyroYrate</name>
         <uninitialized>true</uninitialized>
         <run_address>0x200002e0</run_address>
         <size>0x8</size>
      </object_component>
      <object_component id="oc-1ab">
         <name>.common:x_angle</name>
         <uninitialized>true</uninitialized>
         <run_address>0x20000338</run_address>
         <size>0x4</size>
      </object_component>
      <object_component id="oc-1c3">
         <name>.common:y_angle</name>
         <uninitialized>true</uninitialized>
         <run_address>0x20000340</run_address>
         <size>0x4</size>
      </object_component>
      <object_component id="oc-1b2">
         <name>.common:y</name>
         <uninitialized>true</uninitialized>
         <run_address>0x2000033c</run_address>
         <size>0x4</size>
      </object_component>
      <object_component id="oc-1af">
         <name>.common:S</name>
         <uninitialized>true</uninitialized>
         <run_address>0x20000304</run_address>
         <size>0x4</size>
      </object_component>
      <object_component id="oc-1b0">
         <name>.common:K_0</name>
         <uninitialized>true</uninitialized>
         <run_address>0x200002fc</run_address>
         <size>0x4</size>
      </object_component>
      <object_component id="oc-1b1">
         <name>.common:K_1</name>
         <uninitialized>true</uninitialized>
         <run_address>0x20000300</run_address>
         <size>0x4</size>
      </object_component>
      <object_component id="oc-116">
         <name>.common:readSW</name>
         <uninitialized>true</uninitialized>
         <run_address>0x20000320</run_address>
         <size>0x4</size>
      </object_component>
      <object_component id="oc-117">
         <name>.common:readSensor</name>
         <uninitialized>true</uninitialized>
         <run_address>0x20000324</run_address>
         <size>0x4</size>
      </object_component>
      <object_component id="oc-115">
         <name>.common:readLed</name>
         <uninitialized>true</uninitialized>
         <run_address>0x2000031c</run_address>
         <size>0x4</size>
      </object_component>
      <object_component id="oc-fe">
         <name>.common:flag_Sensor</name>
         <uninitialized>true</uninitialized>
         <run_address>0x20000314</run_address>
         <size>0x4</size>
      </object_component>
      <object_component id="oc-159">
         <name>.common:flag_BAT</name>
         <uninitialized>true</uninitialized>
         <run_address>0x20000310</run_address>
         <size>0x4</size>
      </object_component>
      <object_component id="oc-101">
         <name>.common:warning_BAT</name>
         <uninitialized>true</uninitialized>
         <run_address>0x20000334</run_address>
         <size>0x4</size>
      </object_component>
      <object_component id="oc-102">
         <name>.common:sort</name>
         <uninitialized>true</uninitialized>
         <run_address>0x20000328</run_address>
         <size>0x4</size>
      </object_component>
      <object_component id="oc-15a">
         <name>.common:ulPeriod1</name>
         <uninitialized>true</uninitialized>
         <run_address>0x2000032c</run_address>
         <size>0x4</size>
      </object_component>
      <object_component id="oc-15b">
         <name>.common:ulPeriod2</name>
         <uninitialized>true</uninitialized>
         <run_address>0x20000330</run_address>
         <size>0x4</size>
      </object_component>
      <object_component id="oc-16b">
         <name>.common:joystick</name>
         <uninitialized>true</uninitialized>
         <run_address>0x20000318</run_address>
         <size>0x4</size>
      </object_component>
      <object_component id="oc-158">
         <name>.common:BAT</name>
         <uninitialized>true</uninitialized>
         <run_address>0x200002f8</run_address>
         <size>0x4</size>
      </object_component>
      <object_component id="oc-16c">
         <name>.common:dutycycle1</name>
         <uninitialized>true</uninitialized>
         <run_address>0x20000308</run_address>
         <size>0x4</size>
      </object_component>
      <object_component id="oc-16d">
         <name>.common:dutycycle2</name>
         <uninitialized>true</uninitialized>
         <run_address>0x2000030c</run_address>
         <size>0x4</size>
      </object_component>
      <object_component id="oc-1ac">
         <name>.data</name>
         <load_address>0x20000280</load_address>
         <run_address>0x20000280</run_address>
         <size>0x20</size>
         <input_file_ref idref="fl-3"/>
      </object_component>
      <object_component id="oc-19c">
         <name>.data</name>
         <load_address>0x200002a8</load_address>
         <run_address>0x200002a8</run_address>
         <size>0x8</size>
         <input_file_ref idref="fl-139"/>
      </object_component>
      <object_component id="oc-76">
         <name>.data</name>
         <load_address>0x200002b0</load_address>
         <run_address>0x200002b0</run_address>
         <size>0x4</size>
         <input_file_ref idref="fl-143"/>
      </object_component>
      <object_component id="oc-2bd">
         <name>.data</name>
         <load_address>0x20000200</load_address>
         <run_address>0x20000200</run_address>
         <size>0x80</size>
         <input_file_ref idref="fl-146"/>
      </object_component>
      <object_component id="oc-199">
         <name>.data</name>
         <load_address>0x200002a0</load_address>
         <run_address>0x200002a0</run_address>
         <size>0x8</size>
         <input_file_ref idref="fl-147"/>
      </object_component>
      <object_component id="oc-c5">
         <name>.debug_info</name>
         <load_address>0x0</load_address>
         <run_address>0x0</run_address>
         <size>0x522</size>
         <input_file_ref idref="fl-2"/>
      </object_component>
      <object_component id="oc-23b">
         <name>.debug_info</name>
         <load_address>0x522</load_address>
         <run_address>0x522</run_address>
         <size>0x8b</size>
         <input_file_ref idref="fl-2"/>
      </object_component>
      <object_component id="oc-16f">
         <name>.debug_info</name>
         <load_address>0x5ad</load_address>
         <run_address>0x5ad</run_address>
         <size>0x18b</size>
         <input_file_ref idref="fl-2"/>
      </object_component>
      <object_component id="oc-119">
         <name>.debug_info</name>
         <load_address>0x738</load_address>
         <run_address>0x738</run_address>
         <size>0x4d8</size>
         <input_file_ref idref="fl-3"/>
      </object_component>
      <object_component id="oc-1ad">
         <name>.debug_info</name>
         <load_address>0xc10</load_address>
         <run_address>0xc10</run_address>
         <size>0x16c</size>
         <input_file_ref idref="fl-3"/>
      </object_component>
      <object_component id="oc-82">
         <name>.debug_info</name>
         <load_address>0xd7c</load_address>
         <run_address>0xd7c</run_address>
         <size>0x6c8</size>
         <input_file_ref idref="fl-3"/>
      </object_component>
      <object_component id="oc-176">
         <name>.debug_info</name>
         <load_address>0x1444</load_address>
         <run_address>0x1444</run_address>
         <size>0x84</size>
         <input_file_ref idref="fl-3"/>
      </object_component>
      <object_component id="oc-ff">
         <name>.debug_info</name>
         <load_address>0x14c8</load_address>
         <run_address>0x14c8</run_address>
         <size>0xc57</size>
         <input_file_ref idref="fl-4"/>
      </object_component>
      <object_component id="oc-31">
         <name>.debug_info</name>
         <load_address>0x211f</load_address>
         <run_address>0x211f</run_address>
         <size>0xf91</size>
         <input_file_ref idref="fl-4"/>
      </object_component>
      <object_component id="oc-38">
         <name>.debug_info</name>
         <load_address>0x30b0</load_address>
         <run_address>0x30b0</run_address>
         <size>0x109</size>
         <input_file_ref idref="fl-5"/>
      </object_component>
      <object_component id="oc-10">
         <name>.debug_info</name>
         <load_address>0x31b9</load_address>
         <run_address>0x31b9</run_address>
         <size>0xca</size>
         <input_file_ref idref="fl-5"/>
      </object_component>
      <object_component id="oc-2b">
         <name>.debug_info</name>
         <load_address>0x3283</load_address>
         <run_address>0x3283</run_address>
         <size>0x246</size>
         <input_file_ref idref="fl-5"/>
      </object_component>
      <object_component id="oc-1aa">
         <name>.debug_info</name>
         <load_address>0x34c9</load_address>
         <run_address>0x34c9</run_address>
         <size>0x1cf</size>
         <input_file_ref idref="fl-b"/>
      </object_component>
      <object_component id="oc-d2">
         <name>.debug_info</name>
         <load_address>0x3698</load_address>
         <run_address>0x3698</run_address>
         <size>0x21e</size>
         <input_file_ref idref="fl-b"/>
      </object_component>
      <object_component id="oc-de">
         <name>.debug_info</name>
         <load_address>0x38b6</load_address>
         <run_address>0x38b6</run_address>
         <size>0x1f8</size>
         <input_file_ref idref="fl-b"/>
      </object_component>
      <object_component id="oc-7d">
         <name>.debug_info</name>
         <load_address>0x3aae</load_address>
         <run_address>0x3aae</run_address>
         <size>0x1f6</size>
         <input_file_ref idref="fl-b"/>
      </object_component>
      <object_component id="oc-e3">
         <name>.debug_info</name>
         <load_address>0x3ca4</load_address>
         <run_address>0x3ca4</run_address>
         <size>0x1e3</size>
         <input_file_ref idref="fl-b"/>
      </object_component>
      <object_component id="oc-cb">
         <name>.debug_info</name>
         <load_address>0x3e87</load_address>
         <run_address>0x3e87</run_address>
         <size>0x1f0</size>
         <input_file_ref idref="fl-b"/>
      </object_component>
      <object_component id="oc-231">
         <name>.debug_info</name>
         <load_address>0x4077</load_address>
         <run_address>0x4077</run_address>
         <size>0x90</size>
         <input_file_ref idref="fl-b"/>
      </object_component>
      <object_component id="oc-1a5">
         <name>.debug_info</name>
         <load_address>0x4107</load_address>
         <run_address>0x4107</run_address>
         <size>0x18b</size>
         <input_file_ref idref="fl-b"/>
      </object_component>
      <object_component id="oc-1e1">
         <name>.debug_info</name>
         <load_address>0x4292</load_address>
         <run_address>0x4292</run_address>
         <size>0x226</size>
         <input_file_ref idref="fl-c"/>
      </object_component>
      <object_component id="oc-1dd">
         <name>.debug_info</name>
         <load_address>0x44b8</load_address>
         <run_address>0x44b8</run_address>
         <size>0xff</size>
         <input_file_ref idref="fl-c"/>
      </object_component>
      <object_component id="oc-1eb">
         <name>.debug_info</name>
         <load_address>0x45b7</load_address>
         <run_address>0x45b7</run_address>
         <size>0x281</size>
         <input_file_ref idref="fl-c"/>
      </object_component>
      <object_component id="oc-9b">
         <name>.debug_info</name>
         <load_address>0x4838</load_address>
         <run_address>0x4838</run_address>
         <size>0x1e1</size>
         <input_file_ref idref="fl-c"/>
      </object_component>
      <object_component id="oc-11d">
         <name>.debug_info</name>
         <load_address>0x4a19</load_address>
         <run_address>0x4a19</run_address>
         <size>0x1c7</size>
         <input_file_ref idref="fl-c"/>
      </object_component>
      <object_component id="oc-95">
         <name>.debug_info</name>
         <load_address>0x4be0</load_address>
         <run_address>0x4be0</run_address>
         <size>0x363</size>
         <input_file_ref idref="fl-c"/>
      </object_component>
      <object_component id="oc-8e">
         <name>.debug_info</name>
         <load_address>0x4f43</load_address>
         <run_address>0x4f43</run_address>
         <size>0x219</size>
         <input_file_ref idref="fl-c"/>
      </object_component>
      <object_component id="oc-28e">
         <name>.debug_info</name>
         <load_address>0x515c</load_address>
         <run_address>0x515c</run_address>
         <size>0x5f</size>
         <input_file_ref idref="fl-c"/>
      </object_component>
      <object_component id="oc-24c">
         <name>.debug_info</name>
         <load_address>0x51bb</load_address>
         <run_address>0x51bb</run_address>
         <size>0x194</size>
         <input_file_ref idref="fl-d"/>
      </object_component>
      <object_component id="oc-13c">
         <name>.debug_info</name>
         <load_address>0x534f</load_address>
         <run_address>0x534f</run_address>
         <size>0x25a</size>
         <input_file_ref idref="fl-d"/>
      </object_component>
      <object_component id="oc-142">
         <name>.debug_info</name>
         <load_address>0x55a9</load_address>
         <run_address>0x55a9</run_address>
         <size>0x228</size>
         <input_file_ref idref="fl-d"/>
      </object_component>
      <object_component id="oc-136">
         <name>.debug_info</name>
         <load_address>0x57d1</load_address>
         <run_address>0x57d1</run_address>
         <size>0x21a</size>
         <input_file_ref idref="fl-d"/>
      </object_component>
      <object_component id="oc-147">
         <name>.debug_info</name>
         <load_address>0x59eb</load_address>
         <run_address>0x59eb</run_address>
         <size>0x1da</size>
         <input_file_ref idref="fl-d"/>
      </object_component>
      <object_component id="oc-12f">
         <name>.debug_info</name>
         <load_address>0x5bc5</load_address>
         <run_address>0x5bc5</run_address>
         <size>0x217</size>
         <input_file_ref idref="fl-d"/>
      </object_component>
      <object_component id="oc-227">
         <name>.debug_info</name>
         <load_address>0x5ddc</load_address>
         <run_address>0x5ddc</run_address>
         <size>0x1ba</size>
         <input_file_ref idref="fl-e"/>
      </object_component>
      <object_component id="oc-224">
         <name>.debug_info</name>
         <load_address>0x5f96</load_address>
         <run_address>0x5f96</run_address>
         <size>0x1c2</size>
         <input_file_ref idref="fl-e"/>
      </object_component>
      <object_component id="oc-e9">
         <name>.debug_info</name>
         <load_address>0x6158</load_address>
         <run_address>0x6158</run_address>
         <size>0x1a2</size>
         <input_file_ref idref="fl-e"/>
      </object_component>
      <object_component id="oc-d7">
         <name>.debug_info</name>
         <load_address>0x62fa</load_address>
         <run_address>0x62fa</run_address>
         <size>0x1cc</size>
         <input_file_ref idref="fl-e"/>
      </object_component>
      <object_component id="oc-29f">
         <name>.debug_info</name>
         <load_address>0x64c6</load_address>
         <run_address>0x64c6</run_address>
         <size>0x1d8</size>
         <input_file_ref idref="fl-f"/>
      </object_component>
      <object_component id="oc-203">
         <name>.debug_info</name>
         <load_address>0x669e</load_address>
         <run_address>0x669e</run_address>
         <size>0x232</size>
         <input_file_ref idref="fl-f"/>
      </object_component>
      <object_component id="oc-299">
         <name>.debug_info</name>
         <load_address>0x68d0</load_address>
         <run_address>0x68d0</run_address>
         <size>0x1b2</size>
         <input_file_ref idref="fl-f"/>
      </object_component>
      <object_component id="oc-1fd">
         <name>.debug_info</name>
         <load_address>0x6a82</load_address>
         <run_address>0x6a82</run_address>
         <size>0x24c</size>
         <input_file_ref idref="fl-f"/>
      </object_component>
      <object_component id="oc-209">
         <name>.debug_info</name>
         <load_address>0x6cce</load_address>
         <run_address>0x6cce</run_address>
         <size>0x1e2</size>
         <input_file_ref idref="fl-f"/>
      </object_component>
      <object_component id="oc-21b">
         <name>.debug_info</name>
         <load_address>0x6eb0</load_address>
         <run_address>0x6eb0</run_address>
         <size>0x1b8</size>
         <input_file_ref idref="fl-f"/>
      </object_component>
      <object_component id="oc-20f">
         <name>.debug_info</name>
         <load_address>0x7068</load_address>
         <run_address>0x7068</run_address>
         <size>0x1e2</size>
         <input_file_ref idref="fl-f"/>
      </object_component>
      <object_component id="oc-215">
         <name>.debug_info</name>
         <load_address>0x724a</load_address>
         <run_address>0x724a</run_address>
         <size>0x1b2</size>
         <input_file_ref idref="fl-f"/>
      </object_component>
      <object_component id="oc-1db">
         <name>.debug_info</name>
         <load_address>0x73fc</load_address>
         <run_address>0x73fc</run_address>
         <size>0x1d7</size>
         <input_file_ref idref="fl-10"/>
      </object_component>
      <object_component id="oc-247">
         <name>.debug_info</name>
         <load_address>0x75d3</load_address>
         <run_address>0x75d3</run_address>
         <size>0x10d</size>
         <input_file_ref idref="fl-10"/>
      </object_component>
      <object_component id="oc-88">
         <name>.debug_info</name>
         <load_address>0x76e0</load_address>
         <run_address>0x76e0</run_address>
         <size>0x207</size>
         <input_file_ref idref="fl-10"/>
      </object_component>
      <object_component id="oc-14d">
         <name>.debug_info</name>
         <load_address>0x78e7</load_address>
         <run_address>0x78e7</run_address>
         <size>0x217</size>
         <input_file_ref idref="fl-10"/>
      </object_component>
      <object_component id="oc-153">
         <name>.debug_info</name>
         <load_address>0x7afe</load_address>
         <run_address>0x7afe</run_address>
         <size>0x312</size>
         <input_file_ref idref="fl-10"/>
      </object_component>
      <object_component id="oc-129">
         <name>.debug_info</name>
         <load_address>0x7e10</load_address>
         <run_address>0x7e10</run_address>
         <size>0x1dd</size>
         <input_file_ref idref="fl-10"/>
      </object_component>
      <object_component id="oc-1f2">
         <name>.debug_info</name>
         <load_address>0x7fed</load_address>
         <run_address>0x7fed</run_address>
         <size>0x1e3</size>
         <input_file_ref idref="fl-10"/>
      </object_component>
      <object_component id="oc-1f8">
         <name>.debug_info</name>
         <load_address>0x81d0</load_address>
         <run_address>0x81d0</run_address>
         <size>0x1dd</size>
         <input_file_ref idref="fl-10"/>
      </object_component>
      <object_component id="oc-a2">
         <name>.debug_info</name>
         <load_address>0x83ad</load_address>
         <run_address>0x83ad</run_address>
         <size>0x1eb</size>
         <input_file_ref idref="fl-10"/>
      </object_component>
      <object_component id="oc-a8">
         <name>.debug_info</name>
         <load_address>0x8598</load_address>
         <run_address>0x8598</run_address>
         <size>0x1dd</size>
         <input_file_ref idref="fl-10"/>
      </object_component>
      <object_component id="oc-f0">
         <name>.debug_info</name>
         <load_address>0x8775</load_address>
         <run_address>0x8775</run_address>
         <size>0x1df</size>
         <input_file_ref idref="fl-10"/>
      </object_component>
      <object_component id="oc-124">
         <name>.debug_info</name>
         <load_address>0x8954</load_address>
         <run_address>0x8954</run_address>
         <size>0x1e4</size>
         <input_file_ref idref="fl-10"/>
      </object_component>
      <object_component id="oc-22b">
         <name>.debug_info</name>
         <load_address>0x8b38</load_address>
         <run_address>0x8b38</run_address>
         <size>0x176</size>
         <input_file_ref idref="fl-11"/>
      </object_component>
      <object_component id="oc-1e6">
         <name>.debug_info</name>
         <load_address>0x8cae</load_address>
         <run_address>0x8cae</run_address>
         <size>0x1a8</size>
         <input_file_ref idref="fl-12"/>
      </object_component>
      <object_component id="oc-b3">
         <name>.debug_info</name>
         <load_address>0x8e56</load_address>
         <run_address>0x8e56</run_address>
         <size>0x297</size>
         <input_file_ref idref="fl-12"/>
      </object_component>
      <object_component id="oc-b9">
         <name>.debug_info</name>
         <load_address>0x90ed</load_address>
         <run_address>0x90ed</run_address>
         <size>0x204</size>
         <input_file_ref idref="fl-12"/>
      </object_component>
      <object_component id="oc-110">
         <name>.debug_info</name>
         <load_address>0x92f1</load_address>
         <run_address>0x92f1</run_address>
         <size>0x2fb</size>
         <input_file_ref idref="fl-12"/>
      </object_component>
      <object_component id="oc-ad">
         <name>.debug_info</name>
         <load_address>0x95ec</load_address>
         <run_address>0x95ec</run_address>
         <size>0x28a</size>
         <input_file_ref idref="fl-12"/>
      </object_component>
      <object_component id="oc-104">
         <name>.debug_info</name>
         <load_address>0x9876</load_address>
         <run_address>0x9876</run_address>
         <size>0x208</size>
         <input_file_ref idref="fl-12"/>
      </object_component>
      <object_component id="oc-10a">
         <name>.debug_info</name>
         <load_address>0x9a7e</load_address>
         <run_address>0x9a7e</run_address>
         <size>0x245</size>
         <input_file_ref idref="fl-12"/>
      </object_component>
      <object_component id="oc-bf">
         <name>.debug_info</name>
         <load_address>0x9cc3</load_address>
         <run_address>0x9cc3</run_address>
         <size>0x1f8</size>
         <input_file_ref idref="fl-12"/>
      </object_component>
      <object_component id="oc-285">
         <name>.debug_info</name>
         <load_address>0x9ebb</load_address>
         <run_address>0x9ebb</run_address>
         <size>0x116</size>
         <input_file_ref idref="fl-134"/>
      </object_component>
      <object_component id="oc-1bc">
         <name>.debug_info</name>
         <load_address>0x9fd1</load_address>
         <run_address>0x9fd1</run_address>
         <size>0x204</size>
         <input_file_ref idref="fl-134"/>
      </object_component>
      <object_component id="oc-25">
         <name>.debug_info</name>
         <load_address>0xa1d5</load_address>
         <run_address>0xa1d5</run_address>
         <size>0x134</size>
         <input_file_ref idref="fl-135"/>
      </object_component>
      <object_component id="oc-44">
         <name>.debug_info</name>
         <load_address>0xa309</load_address>
         <run_address>0xa309</run_address>
         <size>0x121</size>
         <input_file_ref idref="fl-136"/>
      </object_component>
      <object_component id="oc-13">
         <name>.debug_info</name>
         <load_address>0xa42a</load_address>
         <run_address>0xa42a</run_address>
         <size>0x1c0</size>
         <input_file_ref idref="fl-136"/>
      </object_component>
      <object_component id="oc-3f">
         <name>.debug_info</name>
         <load_address>0xa5ea</load_address>
         <run_address>0xa5ea</run_address>
         <size>0x46</size>
         <input_file_ref idref="fl-136"/>
      </object_component>
      <object_component id="oc-17c">
         <name>.debug_info</name>
         <load_address>0xa630</load_address>
         <run_address>0xa630</run_address>
         <size>0x2c</size>
         <input_file_ref idref="fl-136"/>
      </object_component>
      <object_component id="oc-4c">
         <name>.debug_info</name>
         <load_address>0xa65c</load_address>
         <run_address>0xa65c</run_address>
         <size>0x115</size>
         <input_file_ref idref="fl-137"/>
      </object_component>
      <object_component id="oc-46">
         <name>.debug_info</name>
         <load_address>0xa771</load_address>
         <run_address>0xa771</run_address>
         <size>0x228</size>
         <input_file_ref idref="fl-137"/>
      </object_component>
      <object_component id="oc-19">
         <name>.debug_info</name>
         <load_address>0xa999</load_address>
         <run_address>0xa999</run_address>
         <size>0x192</size>
         <input_file_ref idref="fl-137"/>
      </object_component>
      <object_component id="oc-4d">
         <name>.debug_info</name>
         <load_address>0xab2b</load_address>
         <run_address>0xab2b</run_address>
         <size>0x39</size>
         <input_file_ref idref="fl-137"/>
      </object_component>
      <object_component id="oc-186">
         <name>.debug_info</name>
         <load_address>0xab64</load_address>
         <run_address>0xab64</run_address>
         <size>0x2c</size>
         <input_file_ref idref="fl-137"/>
      </object_component>
      <object_component id="oc-5d">
         <name>.debug_info</name>
         <load_address>0xab90</load_address>
         <run_address>0xab90</run_address>
         <size>0x110</size>
         <input_file_ref idref="fl-138"/>
      </object_component>
      <object_component id="oc-1f">
         <name>.debug_info</name>
         <load_address>0xaca0</load_address>
         <run_address>0xaca0</run_address>
         <size>0x18b</size>
         <input_file_ref idref="fl-138"/>
      </object_component>
      <object_component id="oc-58">
         <name>.debug_info</name>
         <load_address>0xae2b</load_address>
         <run_address>0xae2b</run_address>
         <size>0x46</size>
         <input_file_ref idref="fl-138"/>
      </object_component>
      <object_component id="oc-1a0">
         <name>.debug_info</name>
         <load_address>0xae71</load_address>
         <run_address>0xae71</run_address>
         <size>0x172</size>
         <input_file_ref idref="fl-139"/>
      </object_component>
      <object_component id="oc-19d">
         <name>.debug_info</name>
         <load_address>0xafe3</load_address>
         <run_address>0xafe3</run_address>
         <size>0x117</size>
         <input_file_ref idref="fl-139"/>
      </object_component>
      <object_component id="oc-73">
         <name>.debug_info</name>
         <load_address>0xb0fa</load_address>
         <run_address>0xb0fa</run_address>
         <size>0x1ee</size>
         <input_file_ref idref="fl-139"/>
      </object_component>
      <object_component id="oc-fa">
         <name>.debug_info</name>
         <load_address>0xb2e8</load_address>
         <run_address>0xb2e8</run_address>
         <size>0x105</size>
         <input_file_ref idref="fl-13a"/>
      </object_component>
      <object_component id="oc-f5">
         <name>.debug_info</name>
         <load_address>0xb3ed</load_address>
         <run_address>0xb3ed</run_address>
         <size>0x107</size>
         <input_file_ref idref="fl-13a"/>
      </object_component>
      <object_component id="oc-1bf">
         <name>.debug_info</name>
         <load_address>0xb4f4</load_address>
         <run_address>0xb4f4</run_address>
         <size>0x117</size>
         <input_file_ref idref="fl-13b"/>
      </object_component>
      <object_component id="oc-162">
         <name>.debug_info</name>
         <load_address>0xb60b</load_address>
         <run_address>0xb60b</run_address>
         <size>0x117</size>
         <input_file_ref idref="fl-13c"/>
      </object_component>
      <object_component id="oc-167">
         <name>.debug_info</name>
         <load_address>0xb722</load_address>
         <run_address>0xb722</run_address>
         <size>0x112</size>
         <input_file_ref idref="fl-13d"/>
      </object_component>
      <object_component id="oc-1c5">
         <name>.debug_info</name>
         <load_address>0xb834</load_address>
         <run_address>0xb834</run_address>
         <size>0x109</size>
         <input_file_ref idref="fl-13e"/>
      </object_component>
      <object_component id="oc-1b4">
         <name>.debug_info</name>
         <load_address>0xb93d</load_address>
         <run_address>0xb93d</run_address>
         <size>0x109</size>
         <input_file_ref idref="fl-13f"/>
      </object_component>
      <object_component id="oc-3a">
         <name>.debug_info</name>
         <load_address>0xba46</load_address>
         <run_address>0xba46</run_address>
         <size>0xf6</size>
         <input_file_ref idref="fl-140"/>
      </object_component>
      <object_component id="oc-53">
         <name>.debug_info</name>
         <load_address>0xbb3c</load_address>
         <run_address>0xbb3c</run_address>
         <size>0x124</size>
         <input_file_ref idref="fl-141"/>
      </object_component>
      <object_component id="oc-5f">
         <name>.debug_info</name>
         <load_address>0xbc60</load_address>
         <run_address>0xbc60</run_address>
         <size>0x129</size>
         <input_file_ref idref="fl-142"/>
      </object_component>
      <object_component id="oc-77">
         <name>.debug_info</name>
         <load_address>0xbd89</load_address>
         <run_address>0xbd89</run_address>
         <size>0xea</size>
         <input_file_ref idref="fl-143"/>
      </object_component>
      <object_component id="oc-15e">
         <name>.debug_info</name>
         <load_address>0xbe73</load_address>
         <run_address>0xbe73</run_address>
         <size>0x10b</size>
         <input_file_ref idref="fl-144"/>
      </object_component>
      <object_component id="oc-2d3">
         <name>.debug_info</name>
         <load_address>0xbf7e</load_address>
         <run_address>0xbf7e</run_address>
         <size>0x146</size>
         <input_file_ref idref="fl-145"/>
      </object_component>
      <object_component id="oc-2c1">
         <name>.debug_info</name>
         <load_address>0xc0c4</load_address>
         <run_address>0xc0c4</run_address>
         <size>0x11e</size>
         <input_file_ref idref="fl-145"/>
      </object_component>
      <object_component id="oc-27f">
         <name>.debug_info</name>
         <load_address>0xc1e2</load_address>
         <run_address>0xc1e2</run_address>
         <size>0x32c</size>
         <input_file_ref idref="fl-145"/>
      </object_component>
      <object_component id="oc-2cc">
         <name>.debug_info</name>
         <load_address>0xc50e</load_address>
         <run_address>0xc50e</run_address>
         <size>0x86</size>
         <input_file_ref idref="fl-145"/>
      </object_component>
      <object_component id="oc-2be">
         <name>.debug_info</name>
         <load_address>0xc594</load_address>
         <run_address>0xc594</run_address>
         <size>0x1b5</size>
         <input_file_ref idref="fl-146"/>
      </object_component>
      <object_component id="oc-273">
         <name>.debug_info</name>
         <load_address>0xc749</load_address>
         <run_address>0xc749</run_address>
         <size>0x105</size>
         <input_file_ref idref="fl-147"/>
      </object_component>
      <object_component id="oc-19a">
         <name>.debug_info</name>
         <load_address>0xc84e</load_address>
         <run_address>0xc84e</run_address>
         <size>0xf4</size>
         <input_file_ref idref="fl-147"/>
      </object_component>
      <object_component id="oc-26e">
         <name>.debug_info</name>
         <load_address>0xc942</load_address>
         <run_address>0xc942</run_address>
         <size>0x200</size>
         <input_file_ref idref="fl-147"/>
      </object_component>
      <object_component id="oc-198">
         <name>.debug_info</name>
         <load_address>0xcb42</load_address>
         <run_address>0xcb42</run_address>
         <size>0x147</size>
         <input_file_ref idref="fl-148"/>
      </object_component>
      <object_component id="oc-6b">
         <name>.debug_info</name>
         <load_address>0xcc89</load_address>
         <run_address>0xcc89</run_address>
         <size>0x148</size>
         <input_file_ref idref="fl-148"/>
      </object_component>
      <object_component id="oc-266">
         <name>.debug_info</name>
         <load_address>0xcdd1</load_address>
         <run_address>0xcdd1</run_address>
         <size>0x5e</size>
         <input_file_ref idref="fl-148"/>
      </object_component>
      <object_component id="oc-196">
         <name>.debug_info</name>
         <load_address>0xce2f</load_address>
         <run_address>0xce2f</run_address>
         <size>0x29e</size>
         <input_file_ref idref="fl-149"/>
      </object_component>
      <object_component id="oc-65">
         <name>.debug_info</name>
         <load_address>0xd0cd</load_address>
         <run_address>0xd0cd</run_address>
         <size>0x158</size>
         <input_file_ref idref="fl-149"/>
      </object_component>
      <object_component id="oc-25a">
         <name>.debug_info</name>
         <load_address>0xd225</load_address>
         <run_address>0xd225</run_address>
         <size>0x39</size>
         <input_file_ref idref="fl-149"/>
      </object_component>
      <object_component id="oc-25f">
         <name>.debug_info</name>
         <load_address>0xd25e</load_address>
         <run_address>0xd25e</run_address>
         <size>0xcd</size>
         <input_file_ref idref="fl-149"/>
      </object_component>
      <object_component id="oc-257">
         <name>.debug_info</name>
         <load_address>0xd32b</load_address>
         <run_address>0xd32b</run_address>
         <size>0x1c1</size>
         <input_file_ref idref="fl-14a"/>
      </object_component>
      <object_component id="oc-190">
         <name>.debug_info</name>
         <load_address>0xd4ec</load_address>
         <run_address>0xd4ec</run_address>
         <size>0x164</size>
         <input_file_ref idref="fl-14a"/>
      </object_component>
      <object_component id="oc-2b0">
         <name>.debug_info</name>
         <load_address>0xd650</load_address>
         <run_address>0xd650</run_address>
         <size>0x2c</size>
         <input_file_ref idref="fl-14a"/>
      </object_component>
      <object_component id="oc-2ba">
         <name>.debug_info</name>
         <load_address>0xd67c</load_address>
         <run_address>0xd67c</run_address>
         <size>0x129</size>
         <input_file_ref idref="fl-14b"/>
      </object_component>
      <object_component id="oc-2fd">
         <name>.debug_info</name>
         <load_address>0xd7a5</load_address>
         <run_address>0xd7a5</run_address>
         <size>0x84</size>
      </object_component>
      <object_component id="oc-c8">
         <name>.debug_line</name>
         <load_address>0x0</load_address>
         <run_address>0x0</run_address>
         <size>0x8b</size>
         <input_file_ref idref="fl-2"/>
      </object_component>
      <object_component id="oc-23e">
         <name>.debug_line</name>
         <load_address>0x8b</load_address>
         <run_address>0x8b</run_address>
         <size>0x20</size>
         <input_file_ref idref="fl-2"/>
      </object_component>
      <object_component id="oc-172">
         <name>.debug_line</name>
         <load_address>0xab</load_address>
         <run_address>0xab</run_address>
         <size>0x60</size>
         <input_file_ref idref="fl-2"/>
      </object_component>
      <object_component id="oc-244">
         <name>.debug_line</name>
         <load_address>0x10b</load_address>
         <run_address>0x10b</run_address>
         <size>0xc3</size>
         <input_file_ref idref="fl-3"/>
      </object_component>
      <object_component id="oc-27c">
         <name>.debug_line</name>
         <load_address>0x1ce</load_address>
         <run_address>0x1ce</run_address>
         <size>0x2f</size>
         <input_file_ref idref="fl-3"/>
      </object_component>
      <object_component id="oc-85">
         <name>.debug_line</name>
         <load_address>0x1fd</load_address>
         <run_address>0x1fd</run_address>
         <size>0xee</size>
         <input_file_ref idref="fl-3"/>
      </object_component>
      <object_component id="oc-179">
         <name>.debug_line</name>
         <load_address>0x2eb</load_address>
         <run_address>0x2eb</run_address>
         <size>0x20</size>
         <input_file_ref idref="fl-3"/>
      </object_component>
      <object_component id="oc-23a">
         <name>.debug_line</name>
         <load_address>0x30b</load_address>
         <run_address>0x30b</run_address>
         <size>0x19f</size>
         <input_file_ref idref="fl-4"/>
      </object_component>
      <object_component id="oc-34">
         <name>.debug_line</name>
         <load_address>0x4aa</load_address>
         <run_address>0x4aa</run_address>
         <size>0x22c</size>
         <input_file_ref idref="fl-4"/>
      </object_component>
      <object_component id="oc-175">
         <name>.debug_line</name>
         <load_address>0x6d6</load_address>
         <run_address>0x6d6</run_address>
         <size>0x41</size>
         <input_file_ref idref="fl-5"/>
      </object_component>
      <object_component id="oc-37">
         <name>.debug_line</name>
         <load_address>0x717</load_address>
         <run_address>0x717</run_address>
         <size>0x41</size>
         <input_file_ref idref="fl-5"/>
      </object_component>
      <object_component id="oc-2e">
         <name>.debug_line</name>
         <load_address>0x758</load_address>
         <run_address>0x758</run_address>
         <size>0xa1</size>
         <input_file_ref idref="fl-5"/>
      </object_component>
      <object_component id="oc-27a">
         <name>.debug_line</name>
         <load_address>0x7f9</load_address>
         <run_address>0x7f9</run_address>
         <size>0x5b</size>
         <input_file_ref idref="fl-b"/>
      </object_component>
      <object_component id="oc-d1">
         <name>.debug_line</name>
         <load_address>0x854</load_address>
         <run_address>0x854</run_address>
         <size>0x75</size>
         <input_file_ref idref="fl-b"/>
      </object_component>
      <object_component id="oc-dd">
         <name>.debug_line</name>
         <load_address>0x8c9</load_address>
         <run_address>0x8c9</run_address>
         <size>0x6c</size>
         <input_file_ref idref="fl-b"/>
      </object_component>
      <object_component id="oc-7c">
         <name>.debug_line</name>
         <load_address>0x935</load_address>
         <run_address>0x935</run_address>
         <size>0x6c</size>
         <input_file_ref idref="fl-b"/>
      </object_component>
      <object_component id="oc-e6">
         <name>.debug_line</name>
         <load_address>0x9a1</load_address>
         <run_address>0x9a1</run_address>
         <size>0x6c</size>
         <input_file_ref idref="fl-b"/>
      </object_component>
      <object_component id="oc-ce">
         <name>.debug_line</name>
         <load_address>0xa0d</load_address>
         <run_address>0xa0d</run_address>
         <size>0x80</size>
         <input_file_ref idref="fl-b"/>
      </object_component>
      <object_component id="oc-234">
         <name>.debug_line</name>
         <load_address>0xa8d</load_address>
         <run_address>0xa8d</run_address>
         <size>0x20</size>
         <input_file_ref idref="fl-b"/>
      </object_component>
      <object_component id="oc-1a8">
         <name>.debug_line</name>
         <load_address>0xaad</load_address>
         <run_address>0xaad</run_address>
         <size>0x5e</size>
         <input_file_ref idref="fl-b"/>
      </object_component>
      <object_component id="oc-28d">
         <name>.debug_line</name>
         <load_address>0xb0b</load_address>
         <run_address>0xb0b</run_address>
         <size>0xc8</size>
         <input_file_ref idref="fl-c"/>
      </object_component>
      <object_component id="oc-28b">
         <name>.debug_line</name>
         <load_address>0xbd3</load_address>
         <run_address>0xbd3</run_address>
         <size>0x58</size>
         <input_file_ref idref="fl-c"/>
      </object_component>
      <object_component id="oc-1ee">
         <name>.debug_line</name>
         <load_address>0xc2b</load_address>
         <run_address>0xc2b</run_address>
         <size>0x80</size>
         <input_file_ref idref="fl-c"/>
      </object_component>
      <object_component id="oc-9e">
         <name>.debug_line</name>
         <load_address>0xcab</load_address>
         <run_address>0xcab</run_address>
         <size>0x6d</size>
         <input_file_ref idref="fl-c"/>
      </object_component>
      <object_component id="oc-120">
         <name>.debug_line</name>
         <load_address>0xd18</load_address>
         <run_address>0xd18</run_address>
         <size>0x6d</size>
         <input_file_ref idref="fl-c"/>
      </object_component>
      <object_component id="oc-98">
         <name>.debug_line</name>
         <load_address>0xd85</load_address>
         <run_address>0xd85</run_address>
         <size>0xb9</size>
         <input_file_ref idref="fl-c"/>
      </object_component>
      <object_component id="oc-91">
         <name>.debug_line</name>
         <load_address>0xe3e</load_address>
         <run_address>0xe3e</run_address>
         <size>0xf1</size>
         <input_file_ref idref="fl-c"/>
      </object_component>
      <object_component id="oc-291">
         <name>.debug_line</name>
         <load_address>0xf2f</load_address>
         <run_address>0xf2f</run_address>
         <size>0x58</size>
         <input_file_ref idref="fl-c"/>
      </object_component>
      <object_component id="oc-2ad">
         <name>.debug_line</name>
         <load_address>0xf87</load_address>
         <run_address>0xf87</run_address>
         <size>0x5b</size>
         <input_file_ref idref="fl-d"/>
      </object_component>
      <object_component id="oc-13b">
         <name>.debug_line</name>
         <load_address>0xfe2</load_address>
         <run_address>0xfe2</run_address>
         <size>0x77</size>
         <input_file_ref idref="fl-d"/>
      </object_component>
      <object_component id="oc-141">
         <name>.debug_line</name>
         <load_address>0x1059</load_address>
         <run_address>0x1059</run_address>
         <size>0x6e</size>
         <input_file_ref idref="fl-d"/>
      </object_component>
      <object_component id="oc-135">
         <name>.debug_line</name>
         <load_address>0x10c7</load_address>
         <run_address>0x10c7</run_address>
         <size>0x6f</size>
         <input_file_ref idref="fl-d"/>
      </object_component>
      <object_component id="oc-14a">
         <name>.debug_line</name>
         <load_address>0x1136</load_address>
         <run_address>0x1136</run_address>
         <size>0x6a</size>
         <input_file_ref idref="fl-d"/>
      </object_component>
      <object_component id="oc-132">
         <name>.debug_line</name>
         <load_address>0x11a0</load_address>
         <run_address>0x11a0</run_address>
         <size>0x74</size>
         <input_file_ref idref="fl-d"/>
      </object_component>
      <object_component id="oc-2a8">
         <name>.debug_line</name>
         <load_address>0x1214</load_address>
         <run_address>0x1214</run_address>
         <size>0x55</size>
         <input_file_ref idref="fl-e"/>
      </object_component>
      <object_component id="oc-2a6">
         <name>.debug_line</name>
         <load_address>0x1269</load_address>
         <run_address>0x1269</run_address>
         <size>0x5b</size>
         <input_file_ref idref="fl-e"/>
      </object_component>
      <object_component id="oc-ec">
         <name>.debug_line</name>
         <load_address>0x12c4</load_address>
         <run_address>0x12c4</run_address>
         <size>0x70</size>
         <input_file_ref idref="fl-e"/>
      </object_component>
      <object_component id="oc-da">
         <name>.debug_line</name>
         <load_address>0x1334</load_address>
         <run_address>0x1334</run_address>
         <size>0x99</size>
         <input_file_ref idref="fl-e"/>
      </object_component>
      <object_component id="oc-2c8">
         <name>.debug_line</name>
         <load_address>0x13cd</load_address>
         <run_address>0x13cd</run_address>
         <size>0x5b</size>
         <input_file_ref idref="fl-f"/>
      </object_component>
      <object_component id="oc-206">
         <name>.debug_line</name>
         <load_address>0x1428</load_address>
         <run_address>0x1428</run_address>
         <size>0x6a</size>
         <input_file_ref idref="fl-f"/>
      </object_component>
      <object_component id="oc-29c">
         <name>.debug_line</name>
         <load_address>0x1492</load_address>
         <run_address>0x1492</run_address>
         <size>0x6a</size>
         <input_file_ref idref="fl-f"/>
      </object_component>
      <object_component id="oc-200">
         <name>.debug_line</name>
         <load_address>0x14fc</load_address>
         <run_address>0x14fc</run_address>
         <size>0x7b</size>
         <input_file_ref idref="fl-f"/>
      </object_component>
      <object_component id="oc-20c">
         <name>.debug_line</name>
         <load_address>0x1577</load_address>
         <run_address>0x1577</run_address>
         <size>0x6a</size>
         <input_file_ref idref="fl-f"/>
      </object_component>
      <object_component id="oc-21e">
         <name>.debug_line</name>
         <load_address>0x15e1</load_address>
         <run_address>0x15e1</run_address>
         <size>0x6a</size>
         <input_file_ref idref="fl-f"/>
      </object_component>
      <object_component id="oc-212">
         <name>.debug_line</name>
         <load_address>0x164b</load_address>
         <run_address>0x164b</run_address>
         <size>0x6a</size>
         <input_file_ref idref="fl-f"/>
      </object_component>
      <object_component id="oc-218">
         <name>.debug_line</name>
         <load_address>0x16b5</load_address>
         <run_address>0x16b5</run_address>
         <size>0x6a</size>
[...]
         <name>kalmanCalculateX</name>
         <value>0xb69</value>
         <object_component_ref idref="oc-81"/>
      </symbol>
      <symbol id="sm-b5">
         <name>Q_angle</name>
         <value>0x20000280</value>
         <object_component_ref idref="oc-1ac"/>
      </symbol>
      <symbol id="sm-b6">
         <name>P_11</name>
         <value>0x2000029c</value>
         <object_component_ref idref="oc-1ac"/>
      </symbol>
      <symbol id="sm-b7">
         <name>P_10</name>
         <value>0x20000298</value>
         <object_component_ref idref="oc-1ac"/>
      </symbol>
      <symbol id="sm-b8">
         <name>P_01</name>
         <value>0x20000294</value>
         <object_component_ref idref="oc-1ac"/>
      </symbol>
      <symbol id="sm-b9">
         <name>P_00</name>
         <value>0x20000290</value>
         <object_component_ref idref="oc-1ac"/>
      </symbol>
      <symbol id="sm-ba">
         <name>R_angle</name>
         <value>0x20000288</value>
         <object_component_ref idref="oc-1ac"/>
      </symbol>
      <symbol id="sm-bb">
         <name>Setup_MPU6050</name>
         <value>0xf39</value>
         <object_component_ref idref="oc-81"/>
      </symbol>
      <symbol id="sm-bc">
         <name>x_bias</name>
         <value>0x2000028c</value>
         <object_component_ref idref="oc-1ac"/>
      </symbol>
      <symbol id="sm-bd">
         <name>ReadMPU</name>
         <value>0x10b5</value>
         <object_component_ref idref="oc-81"/>
      </symbol>
      <symbol id="sm-13a">
         <name>readSW</name>
         <value>0x20000320</value>
      </symbol>
      <symbol id="sm-13b">
         <name>readSensor</name>
         <value>0x20000324</value>
      </symbol>
      <symbol id="sm-13c">
         <name>readLed</name>
         <value>0x2000031c</value>
      </symbol>
      <symbol id="sm-13d">
         <name>flag_Sensor</name>
         <value>0x20000314</value>
      </symbol>
      <symbol id="sm-13e">
         <name>flag_BAT</name>
         <value>0x20000310</value>
      </symbol>
      <symbol id="sm-13f">
         <name>warning_BAT</name>
         <value>0x20000334</value>
      </symbol>
      <symbol id="sm-140">
         <name>sort</name>
         <value>0x20000328</value>
      </symbol>
      <symbol id="sm-141">
         <name>ulPeriod1</name>
         <value>0x2000032c</value>
      </symbol>
      <symbol id="sm-142">
         <name>ulPeriod2</name>
         <value>0x20000330</value>
      </symbol>
      <symbol id="sm-143">
         <name>joystick</name>
         <value>0x20000318</value>
      </symbol>
      <symbol id="sm-144">
         <name>BAT</name>
         <value>0x200002f8</value>
      </symbol>
      <symbol id="sm-145">
         <name>dutycycle1</name>
         <value>0x20000308</value>
      </symbol>
      <symbol id="sm-146">
         <name>dutycycle2</name>
         <value>0x2000030c</value>
      </symbol>
      <symbol id="sm-147">
         <name>ReadJoystick</name>
         <value>0x67d</value>
         <object_component_ref idref="oc-30"/>
      </symbol>
      <symbol id="sm-148">
         <name>main</name>
         <value>0x319</value>
         <object_component_ref idref="oc-30"/>
      </symbol>
      <symbol id="sm-149">
         <name>BATT</name>
         <value>0x285</value>
         <object_component_ref idref="oc-30"/>
      </symbol>
      <symbol id="sm-14a">
         <name>Motion</name>
         <value>0x865</value>
         <object_component_ref idref="oc-30"/>
      </symbol>
      <symbol id="sm-14b">
         <name>InitPWM</name>
         <value>0x6dd</value>
         <object_component_ref idref="oc-30"/>
      </symbol>
      <symbol id="sm-14c">
         <name>ReadBAT</name>
         <value>0x645</value>
         <object_component_ref idref="oc-30"/>
      </symbol>
      <symbol id="sm-14d">
         <name>Sensor</name>
         <value>0x26d</value>
         <object_component_ref idref="oc-30"/>
      </symbol>
      <symbol id="sm-14e">
         <name>Check_input</name>
         <value>0x451</value>
         <object_component_ref idref="oc-30"/>
      </symbol>
      <symbol id="sm-16a">
         <name>ResetISR</name>
         <value>0x2727</value>
         <object_component_ref idref="oc-2a"/>
      </symbol>
      <symbol id="sm-16b">
         <name>g_pfnVectors</name>
         <value>0x0</value>
         <object_component_ref idref="oc-f"/>
      </symbol>
      <symbol id="sm-1a8">
         <name>TimerLoadSet</name>
         <value>0x26b7</value>
         <object_component_ref idref="oc-d0"/>
      </symbol>
      <symbol id="sm-1a9">
         <name>TimerEnable</name>
         <value>0x26e7</value>
         <object_component_ref idref="oc-e2"/>
      </symbol>
      <symbol id="sm-1aa">
         <name>TimerIntEnable</name>
         <value>0x2761</value>
         <object_component_ref idref="oc-dc"/>
      </symbol>
      <symbol id="sm-1ab">
         <name>TimerConfigure</name>
         <value>0x21d9</value>
         <object_component_ref idref="oc-ca"/>
      </symbol>
      <symbol id="sm-1ac">
         <name>TimerIntClear</name>
         <value>0x278d</value>
         <object_component_ref idref="oc-7b"/>
      </symbol>
      <symbol id="sm-21f">
         <name>SysCtlClockSet</name>
         <value>0x1d0d</value>
         <object_component_ref idref="oc-94"/>
      </symbol>
      <symbol id="sm-220">
         <name>SysCtlDelay</name>
         <value>0x2775</value>
         <object_component_ref idref="oc-93"/>
      </symbol>
      <symbol id="sm-221">
         <name>SysCtlPeripheralEnable</name>
         <value>0x24b5</value>
         <object_component_ref idref="oc-9a"/>
      </symbol>
      <symbol id="sm-222">
         <name>SysCtlClockGet</name>
         <value>0x1af9</value>
         <object_component_ref idref="oc-8d"/>
      </symbol>
      <symbol id="sm-223">
         <name>SysCtlPWMClockSet</name>
         <value>0x2635</value>
         <object_component_ref idref="oc-11c"/>
      </symbol>
      <symbol id="sm-224">
         <name>SysCtlPeripheralReset</name>
         <value>0x2235</value>
         <object_component_ref idref="oc-1ea"/>
      </symbol>
      <symbol id="sm-251">
         <name>PWMGenPeriodSet</name>
         <value>0x26c9</value>
         <object_component_ref idref="oc-134"/>
      </symbol>
      <symbol id="sm-252">
         <name>PWMPulseWidthSet</name>
         <value>0x25cf</value>
         <object_component_ref idref="oc-13a"/>
      </symbol>
      <symbol id="sm-253">
         <name>PWMOutputState</name>
         <value>0x26a5</value>
         <object_component_ref idref="oc-140"/>
      </symbol>
      <symbol id="sm-254">
         <name>PWMGenEnable</name>
         <value>0x270f</value>
         <object_component_ref idref="oc-146"/>
      </symbol>
      <symbol id="sm-255">
         <name>PWMGenConfigure</name>
         <value>0x256f</value>
         <object_component_ref idref="oc-12e"/>
      </symbol>
      <symbol id="sm-283">
         <name>IntEnable</name>
         <value>0x2179</value>
         <object_component_ref idref="oc-d6"/>
      </symbol>
      <symbol id="sm-284">
         <name>IntMasterEnable</name>
         <value>0x2747</value>
         <object_component_ref idref="oc-e8"/>
      </symbol>
      <symbol id="sm-2c5">
         <name>I2CMasterDataPut</name>
         <value>0x2789</value>
         <object_component_ref idref="oc-208"/>
      </symbol>
      <symbol id="sm-2c6">
         <name>I2CMasterInitExpClk</name>
         <value>0x2369</value>
         <object_component_ref idref="oc-1fc"/>
      </symbol>
      <symbol id="sm-2c7">
         <name>I2CMasterSlaveAddrSet</name>
         <value>0x2759</value>
         <object_component_ref idref="oc-202"/>
      </symbol>
      <symbol id="sm-2c8">
         <name>I2CMasterDataGet</name>
         <value>0x2785</value>
         <object_component_ref idref="oc-21a"/>
      </symbol>
      <symbol id="sm-2c9">
         <name>I2CMasterControl</name>
         <value>0x2781</value>
         <object_component_ref idref="oc-20e"/>
      </symbol>
      <symbol id="sm-2ca">
         <name>I2CMasterBusy</name>
         <value>0x2751</value>
         <object_component_ref idref="oc-214"/>
      </symbol>
      <symbol id="sm-2cb">
         <name>I2CMasterEnable</name>
         <value>0x273d</value>
         <object_component_ref idref="oc-298"/>
      </symbol>
      <symbol id="sm-333">
         <name>GPIOPinTypePWM</name>
         <value>0x2693</value>
         <object_component_ref idref="oc-128"/>
      </symbol>
      <symbol id="sm-334">
         <name>GPIOPinConfigure</name>
         <value>0x2321</value>
         <object_component_ref idref="oc-122"/>
      </symbol>
      <symbol id="sm-335">
         <name>GPIOPinTypeI2CSCL</name>
         <value>0x2681</value>
         <object_component_ref idref="oc-1f0"/>
      </symbol>
      <symbol id="sm-336">
         <name>GPIOPinTypeI2C</name>
         <value>0x266f</value>
         <object_component_ref idref="oc-1f6"/>
      </symbol>
      <symbol id="sm-337">
         <name>GPIOPinTypeADC</name>
         <value>0x265d</value>
         <object_component_ref idref="oc-a6"/>
      </symbol>
      <symbol id="sm-338">
         <name>GPIOPinTypeGPIOOutput</name>
         <value>0x25ed</value>
         <object_component_ref idref="oc-a0"/>
      </symbol>
      <symbol id="sm-339">
         <name>GPIOPinRead</name>
         <value>0x2769</value>
         <object_component_ref idref="oc-ee"/>
      </symbol>
      <symbol id="sm-33a">
         <name>GPIODirModeSet</name>
         <value>0x2545</value>
         <object_component_ref idref="oc-14c"/>
      </symbol>
      <symbol id="sm-33b">
         <name>GPIOPinWrite</name>
         <value>0x276f</value>
         <object_component_ref idref="oc-87"/>
      </symbol>
      <symbol id="sm-33c">
         <name>GPIOPadConfigSet</name>
         <value>0x18a7</value>
         <object_component_ref idref="oc-152"/>
      </symbol>
      <symbol id="sm-346">
         <name>CPUcpsie</name>
         <value>0x2703</value>
         <object_component_ref idref="oc-22a"/>
      </symbol>
      <symbol id="sm-390">
         <name>ADCProcessorTrigger</name>
         <value>0x261d</value>
         <object_component_ref idref="oc-103"/>
      </symbol>
      <symbol id="sm-391">
         <name>ADCSequenceEnable</name>
         <value>0x26d9</value>
         <object_component_ref idref="oc-b8"/>
      </symbol>
      <symbol id="sm-392">
         <name>ADCSequenceConfigure</name>
         <value>0x243d</value>
         <object_component_ref idref="oc-ac"/>
      </symbol>
      <symbol id="sm-393">
         <name>ADCSequenceStepConfigure</name>
         <value>0x1fa5</value>
         <object_component_ref idref="oc-b2"/>
      </symbol>
      <symbol id="sm-394">
         <name>ADCIntClear</name>
         <value>0x2733</value>
         <object_component_ref idref="oc-be"/>
      </symbol>
      <symbol id="sm-395">
         <name>ADCIntStatus</name>
         <value>0x24e9</value>
         <object_component_ref idref="oc-109"/>
      </symbol>
      <symbol id="sm-396">
         <name>ADCSequenceDataGet</name>
         <value>0x25b1</value>
         <object_component_ref idref="oc-10f"/>
      </symbol>
      <symbol id="sm-3b7">
         <name>atan2</name>
         <value>0x15f5</value>
         <object_component_ref idref="oc-1b8"/>
      </symbol>
      <symbol id="sm-3c9">
         <name>_c_int00</name>
         <value>0x2285</value>
         <object_component_ref idref="oc-24"/>
      </symbol>
      <symbol id="sm-3ca">
         <name>__stack</name>
         <value>0x20000000</value>
         <object_component_ref idref="oc-29"/>
      </symbol>
      <symbol id="sm-3e1">
         <name>__TI_decompress_none</name>
         <value>0x26f5</value>
         <object_component_ref idref="oc-12"/>
      </symbol>
      <symbol id="sm-409">
         <name>__TI_decompress_rle24</name>
         <value>0x277b</value>
         <object_component_ref idref="oc-18"/>
      </symbol>
      <symbol id="sm-41b">
         <name>__TI_zero_init</name>
         <value>0x271b</value>
         <object_component_ref idref="oc-1e"/>
      </symbol>
      <symbol id="sm-43a">
         <name>C$$EXIT</name>
         <value>0x23f9</value>
         <object_component_ref idref="oc-70"/>
      </symbol>
      <symbol id="sm-43b">
         <name>abort</name>
         <value>0x23fd</value>
         <object_component_ref idref="oc-70"/>
      </symbol>
      <symbol id="sm-43c">
         <name>exit</name>
         <value>0x2405</value>
         <object_component_ref idref="oc-70"/>
      </symbol>
      <symbol id="sm-43d">
         <name>__TI_dtors_ptr</name>
         <value>0x200002ac</value>
         <object_component_ref idref="oc-19c"/>
      </symbol>
      <symbol id="sm-43e">
         <name>__TI_cleanup_ptr</name>
         <value>0x200002a8</value>
         <object_component_ref idref="oc-19c"/>
      </symbol>
      <symbol id="sm-465">
         <name>__aeabi_cdcmpeq</name>
         <value>0x1e99</value>
         <object_component_ref idref="oc-f9"/>
      </symbol>
      <symbol id="sm-466">
         <name>__aeabi_cdcmple</name>
         <value>0x1e99</value>
         <object_component_ref idref="oc-f9"/>
      </symbol>
      <symbol id="sm-467">
         <name>__aeabi_cdrcmple</name>
         <value>0x1f1f</value>
         <object_component_ref idref="oc-f4"/>
      </symbol>
      <symbol id="sm-487">
         <name>__aeabi_ddiv</name>
         <value>0x1771</value>
         <object_component_ref idref="oc-1be"/>
      </symbol>
      <symbol id="sm-49e">
         <name>__aeabi_dmul</name>
         <value>0x1c11</value>
         <object_component_ref idref="oc-161"/>
      </symbol>
      <symbol id="sm-4ab">
         <name>__aeabi_d2f</name>
         <value>0x23b1</value>
         <object_component_ref idref="oc-166"/>
      </symbol>
      <symbol id="sm-4b9">
         <name>__aeabi_f2d</name>
         <value>0x247b</value>
         <object_component_ref idref="oc-1c4"/>
      </symbol>
      <symbol id="sm-4c5">
         <name>__aeabi_i2d</name>
         <value>0x2517</value>
         <object_component_ref idref="oc-1b3"/>
      </symbol>
      <symbol id="sm-4e0">
         <name>memcpy</name>
         <value>0x1dfd</value>
         <object_component_ref idref="oc-39"/>
      </symbol>
      <symbol id="sm-4e1">
         <name>__aeabi_memcpy</name>
         <value>0x1dfd</value>
         <object_component_ref idref="oc-39"/>
      </symbol>
      <symbol id="sm-4e2">
         <name>__aeabi_memcpy8</name>
         <value>0x1dfd</value>
         <object_component_ref idref="oc-39"/>
      </symbol>
      <symbol id="sm-4e3">
         <name>__aeabi_memcpy4</name>
         <value>0x1dfd</value>
         <object_component_ref idref="oc-39"/>
      </symbol>
      <symbol id="sm-4f2">
         <name>__aeabi_memset</name>
         <value>0x2027</value>
         <object_component_ref idref="oc-52"/>
      </symbol>
      <symbol id="sm-4f3">
         <name>memset</name>
         <value>0x202d</value>
         <object_component_ref idref="oc-52"/>
      </symbol>
      <symbol id="sm-4f4">
         <name>__aeabi_memset8</name>
         <value>0x2027</value>
         <object_component_ref idref="oc-52"/>
      </symbol>
      <symbol id="sm-4f5">
         <name>__aeabi_memset4</name>
         <value>0x2027</value>
         <object_component_ref idref="oc-52"/>
      </symbol>
      <symbol id="sm-4f6">
         <name>__aeabi_memclr8</name>
         <value>0x2025</value>
         <object_component_ref idref="oc-52"/>
      </symbol>
      <symbol id="sm-4f7">
         <name>__aeabi_memclr4</name>
         <value>0x2025</value>
         <object_component_ref idref="oc-52"/>
      </symbol>
      <symbol id="sm-4f8">
         <name>__aeabi_memclr</name>
         <value>0x2025</value>
         <object_component_ref idref="oc-52"/>
      </symbol>
      <symbol id="sm-502">
         <name>_system_pre_init</name>
         <value>0x2791</value>
         <object_component_ref idref="oc-5e"/>
      </symbol>
      <symbol id="sm-50a">
         <name>main_func_sp</name>
         <value>0x200002b0</value>
         <object_component_ref idref="oc-76"/>
      </symbol>
      <symbol id="sm-516">
         <name>__aeabi_ui2d</name>
         <value>0x2591</value>
         <object_component_ref idref="oc-15c"/>
      </symbol>
      <symbol id="sm-541">
         <name>_Atan</name>
         <value>0x1469</value>
         <object_component_ref idref="oc-27e"/>
      </symbol>
      <symbol id="sm-551">
         <name>_Rteps</name>
         <value>0x20000260</value>
         <object_component_ref idref="oc-2bd"/>
      </symbol>
      <symbol id="sm-552">
         <name>_Zero</name>
         <value>0x20000278</value>
         <object_component_ref idref="oc-2bd"/>
      </symbol>
      <symbol id="sm-553">
         <name>_Hugeval</name>
         <value>0x20000220</value>
         <object_component_ref idref="oc-2bd"/>
      </symbol>
      <symbol id="sm-554">
         <name>_Snan</name>
         <value>0x20000250</value>
         <object_component_ref idref="oc-2bd"/>
      </symbol>
      <symbol id="sm-555">
         <name>_Nan</name>
         <value>0x20000240</value>
         <object_component_ref idref="oc-2bd"/>
      </symbol>
      <symbol id="sm-556">
         <name>_Inf</name>
         <value>0x20000230</value>
         <object_component_ref idref="oc-2bd"/>
      </symbol>
      <symbol id="sm-557">
         <name>_Xbig</name>
         <value>0x20000270</value>
         <object_component_ref idref="oc-2bd"/>
      </symbol>
      <symbol id="sm-558">
         <name>_Eps</name>
         <value>0x20000210</value>
         <object_component_ref idref="oc-2bd"/>
      </symbol>
      <symbol id="sm-559">
         <name>_Denorm</name>
         <value>0x20000200</value>
         <object_component_ref idref="oc-2bd"/>
      </symbol>
      <symbol id="sm-572">
         <name>_nop</name>
         <value>0x2657</value>
         <object_component_ref idref="oc-26b"/>
      </symbol>
      <symbol id="sm-573">
         <name>_lock</name>
         <value>0x200002a0</value>
         <object_component_ref idref="oc-199"/>
      </symbol>
      <symbol id="sm-574">
         <name>_unlock</name>
         <value>0x200002a4</value>
         <object_component_ref idref="oc-199"/>
      </symbol>
      <symbol id="sm-575">
         <name>_register_lock</name>
         <value>0x264f</value>
         <object_component_ref idref="oc-26b"/>
      </symbol>
      <symbol id="sm-576">
         <name>_register_unlock</name>
         <value>0x2649</value>
         <object_component_ref idref="oc-26b"/>
      </symbol>
      <symbol id="sm-58b">
         <name>_args_main</name>
         <value>0x2605</value>
         <object_component_ref idref="oc-6a"/>
      </symbol>
      <symbol id="sm-5b1">
         <name>__TI_auto_init</name>
         <value>0x20a1</value>
         <object_component_ref idref="oc-64"/>
      </symbol>
      <symbol id="sm-5cb">
         <name>copy_in</name>
         <value>0x22d5</value>
         <object_component_ref idref="oc-18f"/>
      </symbol>
      <symbol id="sm-5ef">
         <name>__aeabi_dsub</name>
         <value>0x12b1</value>
         <object_component_ref idref="oc-2b8"/>
      </symbol>
      <symbol id="sm-5f0">
         <name>__aeabi_dadd</name>
         <value>0x12bb</value>
         <object_component_ref idref="oc-2b8"/>
      </symbol>
      <symbol id="sm-5f1">
         <name>__TI_static_base__</name>
         <value>0x0</value>
      </symbol>
      <symbol id="sm-5f4">
         <name>SHT$$INIT_ARRAY$$Limit</name>
         <value>0x0</value>
      </symbol>
      <symbol id="sm-5f5">
         <name>SHT$$INIT_ARRAY$$Base</name>
         <value>0x0</value>
      </symbol>
   </symbol_table>
   <title>Link successful</title>
</link_info>
